missing
found
found
missing
found
found
found
missing
found
found
found
